# file opened: test_keyboard.asm
  1   0000              ; MIT License, Copyright (c) 2025 Cronomantic
  2   0000              ;
  3   0000              ; A build that does nothing but look at the keyboard, so a test can hold a key
  4   0000              ; down and see what the scanning makes of it.
  5   0000              ;
  6   0000              ; last_seen holds whatever the last look found, and seen_count counts how many
  7   0000              ; times a key was seen arriving after the keyboard had come clear, which is
  8   0000              ; what a line of typing is made of.
  9   0000              ;
 10   0000              ; It takes the whole machine as the real one will, because the font it prints
 11   0000              ; with comes out of the database and the database goes under the BIOS.
 12   0000
 13   0000                              DEVICE  NOSLOT64K
 14   0000
 15   0000              PPI_SLOTS       equ $A8                 ; two bits a page: which slot it sees
 16   0000              STACK_AT        equ $EF00               ; clear of everything that travels
 17   0000              database        equ $0000
 18   0000
 19   0000                              ORG     $8000
 20   8000              start:
 21   8000 F3                           di
 22   8001 31 00 EF                     ld      sp, STACK_AT
 23   8004 CD 64 80                     call    take_the_machine
 24   8007 CD 89 86                     call    keyboard_init
 25   800A CD 84 80                     call    db_init
 26   800D CD DA 80                     call    config_init
 27   8010 CD BD 81                     call    text_init
 28   8013 CD A4 83                     call    screen_init
 29   8016 3E 01                        ld      a, 1
 30   8018 32 5E 80                     ld      (ready_flag), a
 31   801B AF                           xor     a
 32   801C 32 62 80                     ld      (was_clear), a
 33   801F              .look:
 34   801F 3E 02                        ld      a, 2                    ; the row A and B sit on
 35   8021 CD 91 86                     call    read_row
 36   8024 32 60 80                     ld      (raw_row), a
 37   8027 CD 9F 86                     call    scan_keyboard
 38   802A 32 61 80                     ld      (scan_result), a
 39   802D B7                           or      a
 40   802E 28 13                        jr      z, .nothing
 41   8030 32 5F 80                     ld      (last_seen), a
 42   8033 3A 62 80                     ld      a, (was_clear)
 43   8036 B7                           or      a
 44   8037 28 E6                        jr      z, .look                ; still the same press
 45   8039 21 63 80                     ld      hl, seen_count
 46   803C 34                           inc     (hl)
 47   803D AF                           xor     a
 48   803E 32 62 80                     ld      (was_clear), a
 49   8041 18 DC                        jr      .look
 50   8043              .nothing:
 51   8043 3E 01                        ld      a, 1                    ; the keyboard came clear
 52   8045 32 62 80                     ld      (was_clear), a
 53   8048 18 D5                        jr      .look
 54   804A
 55   804A              ; A test can point the processor here instead, and then type a whole line at
 56   804A              ; it: this is the path the runtime really uses, rubbing out and all.
 57   804A              read_a_line:
 58   804A 31 00 EF                     ld      sp, STACK_AT
 59   804D CD 23 87                     call    read_line
 60   8050 ED 43 5C 80                  ld      (line_seen), bc
 61   8054 3E FF                        ld      a, $FF
 62   8056 32 5B 80                     ld      (line_done), a
 63   8059              .stop:
 64   8059 18 FE                        jr      .stop
 65   805B
 66   805B 00           line_done:      db      0
 67   805C 00 00        line_seen:      dw      0
 68   805E 00           ready_flag:     db      0
 69   805F 00           last_seen:      db      0
 70   8060 00           raw_row:        db      0
 71   8061 00           scan_result:    db      0
 72   8062 00           was_clear:      db      0
 73   8063 00           seen_count:     db      0
 74   8064
 75   8064              ; Put RAM in all four pages and move the database into the two that were the
 76   8064              ; BIOS, which is what the loader will do off the cassette.
 77   8064              ; Corrupts: everything
 78   8064              take_the_machine:
 79   8064 DB A8                        in      a, (PPI_SLOTS)
 80   8066 E6 30                        and     %00110000               ; the slot page two is in
 81   8068 0F                           rrca
 82   8069 0F                           rrca
 83   806A 0F                           rrca
 84   806B 0F                           rrca
 85   806C 4F                           ld      c, a
 86   806D 87                           add     a, a
 87   806E 87                           add     a, a
 88   806F B1                           or      c                       ; the same in pages nought and one
 89   8070 4F                           ld      c, a
 90   8071 DB A8                        in      a, (PPI_SLOTS)
 91   8073 E6 F0                        and     %11110000
 92   8075 B1                           or      c
 93   8076 D3 A8                        out     (PPI_SLOTS), a
 94   8078 21 27 88                     ld      hl, db_source
 95   807B 11 00 00                     ld      de, database
 96   807E 01 AD 4E                     ld      bc, db_length
 97   8081 ED B0                        ldir
 98   8083 C9                           ret
 99   8084
100   8084                              include "../common/database.asm"
# file opened: database.asm
  1+  8084              ; MIT License, Copyright (c) 2025 Cronomantic
  2+  8084              ;
  3+  8084              ; Finding things in the binary database.  See doc/binario.md.
  4+  8084              ;
  5+  8084              ;   Header
  6+  8084              ;     0  magic "RGAC"
  7+  8084              ;     4  version
  8+  8084              ;     5  machine
  9+  8084              ;     6  page bits
 10+  8084              ;     7  music mode
 11+  8084              ;     8  music buffer size
 12+  8084              ;    10  number of banks
 13+  8084              ;    11  number of sections
 14+  8084              ;    12  directory, five bytes a section: bank, offset, size
 15+  8084              ;
 16+  8084              ; A section is either resident, meaning always reachable, or it lives in a
 17+  8084              ; bank, and then the bank has to be brought in before the section can be read.
 18+  8084              ; How to bring it in is the machine's business: it gives db_page and says at
 19+  8084              ; what address a bank appears, and a machine with no banks gives the pair that
 20+  8084              ; does nothing, which is at the end of this file.
 21+  8084
 22+  8084              SECTION_CONFIG      equ 0
 23+  8084              SECTION_VOCAB       equ 1
 24+  8084              SECTION_OBJECTS     equ 2
 25+  8084              SECTION_LOCATIONS   equ 3
 26+  8084              SECTION_CONDITIONS  equ 4
 27+  8084              SECTION_TEXT        equ 5
 28+  8084              SECTION_FONT        equ 6
 29+  8084              SECTION_GRAPHICS    equ 7
 30+  8084              SECTION_MUSIC       equ 8
 31+  8084
 32+  8084              NO_MESSAGE          equ $FF   ; no message carries that number
 33+  8084              NOT_BANKED          equ $FF   ; the bank of a section that is resident
 34+  8084
 35+  8084              ; Inside the config section
 36+  8084              CONFIG_DIGITS       equ 3     ; the codes of "0" to "9"
 37+  8084              CONFIG_ASCII        equ 13    ; ASCII 32 to 127 -> this adventure's codes
 38+  8084              CONFIG_PUNCTUATION  equ 109   ; how many, then the codes; the space comes first
 39+  8084
 40+  8084              NO_CHARACTER        equ $FF   ; the adventure has no such character
 41+  8084
 42+  8084              HEADER_SECTION_COUNT equ 11
 43+  8084              HEADER_DIRECTORY     equ 12
 44+  8084              DIRECTORY_ENTRY_SIZE equ 5
 45+  8084
 46+  8084              ; Work out where the resident sections start and keep it.
 47+  8084              ; Corrupts: AF, BC, DE, HL
 48+  8084              db_init:
 49+  8084 21 0B 00                     ld      hl, database + HEADER_SECTION_COUNT
 50+  8087 7E                           ld      a, (hl)                 ; how many sections
 51+  8088 32 D8 80                     ld      (db_sections), a
 52+  808B                              ; the resident block follows the directory
 53+  808B 6F                           ld      l, a
 54+  808C 26 00                        ld      h, 0
 55+  808E 44                           ld      b, h
 56+  808F 4D                           ld      c, l
 57+  8090 29                           add     hl, hl                  ; x2
 58+  8091 29                           add     hl, hl                  ; x4
 59+  8092 09                           add     hl, bc                  ; x5
 60+  8093 01 0C 00                     ld      bc, database + HEADER_DIRECTORY
 61+  8096 09                           add     hl, bc
 62+  8097 22 D6 80                     ld      (db_resident), hl
 63+  809A C9                           ret
 64+  809B
 65+  809B              ; Address of section A in HL, its size in BC.  A section that lives in a bank
 66+  809B              ; is brought in first, so what comes back is good until another section is
 67+  809B              ; asked for.
 68+  809B              ; Corrupts: AF, DE
 69+  809B              db_section:
 70+  809B F5                           push    af
 71+  809C CD BB 80                     call    db_entry
 72+  809F 7E                           ld      a, (hl)                 ; which bank it lives in
 73+  80A0 23                           inc     hl
 74+  80A1 5E                           ld      e, (hl)
 75+  80A2 23                           inc     hl
 76+  80A3 56                           ld      d, (hl)                 ; offset within its block
 77+  80A4 23                           inc     hl
 78+  80A5 4E                           ld      c, (hl)
 79+  80A6 23                           inc     hl
 80+  80A7 46                           ld      b, (hl)                 ; size
 81+  80A8 FE FF                        cp      NOT_BANKED
 82+  80AA 28 09                        jr      z, .resident
 83+  80AC CD D9 80                     call    db_page                 ; the machine brings it in
 84+  80AF 21 00 00                     ld      hl, DB_WINDOW
 85+  80B2 19                           add     hl, de
 86+  80B3 F1                           pop     af
 87+  80B4 C9                           ret
 88+  80B5              .resident:
 89+  80B5 2A D6 80                     ld      hl, (db_resident)
 90+  80B8 19                           add     hl, de
 91+  80B9 F1                           pop     af
 92+  80BA C9                           ret
 93+  80BB
 94+  80BB              ; The five bytes the directory keeps for section A, in HL.
 95+  80BB              ; Corrupts: DE, HL
 96+  80BB              db_entry:
 97+  80BB 6F                           ld      l, a
 98+  80BC 26 00                        ld      h, 0
 99+  80BE 54                           ld      d, h
100+  80BF 5D                           ld      e, l
101+  80C0 29                           add     hl, hl                  ; x2
102+  80C1 29                           add     hl, hl                  ; x4
103+  80C2 19                           add     hl, de                  ; x5
104+  80C3 11 0C 00                     ld      de, database + HEADER_DIRECTORY
105+  80C6 19                           add     hl, de
106+  80C7 C9                           ret
107+  80C8
108+  80C8              ; Bring section A's bank in again, for the code that kept a pointer into it
109+  80C8              ; from an earlier look: the text and the pictures both do that, and printing
110+  80C8              ; something is what takes the pictures' bank away.
111+  80C8              ; Corrupts: AF
112+  80C8              db_bank_in:
113+  80C8 E5                           push    hl
114+  80C9 D5                           push    de
115+  80CA CD BB 80                     call    db_entry
116+  80CD 7E                           ld      a, (hl)
117+  80CE FE FF                        cp      NOT_BANKED
118+  80D0 C4 D9 80                     call    nz, db_page
119+  80D3 D1                           pop     de
120+  80D4 E1                           pop     hl
121+  80D5 C9                           ret
122+  80D6
123+  80D6 00 00        db_resident:    dw      0
124+  80D8 00           db_sections:    db      0
125+  80D9
126+  80D9              ; A machine with no banks says so by not defining BANKED, and gets the pair
127+  80D9              ; that does nothing: every section is resident and nothing is ever paged.
128+  80D9                              IFNDEF BANKED
129+  80D9              DB_WINDOW       equ 0
130+  80D9              db_page:
131+  80D9 C9                           ret
132+  80DA                              ENDIF
133+  80DA
# file closed: database.asm
101   80DA                              include "../common/config.asm"
# file opened: config.asm
  1+  80DA              ; MIT License, Copyright (c) 2025 Cronomantic
  2+  80DA              ;
  3+  80DA              ; The pieces of the config section every machine needs: the codes of the
  4+  80DA              ; digits, so a score can be printed, the table that turns what the player
  5+  80DA              ; types into this adventure's own codes, and the code of the space, which is
  6+  80DA              ; what words are separated by.
  7+  80DA
  8+  80DA              ; Corrupts: AF, BC, DE, HL
  9+  80DA              config_init:
 10+  80DA 3E 00                        ld      a, SECTION_CONFIG
 11+  80DC CD 9B 80                     call    db_section
 12+  80DF E5                           push    hl
 13+  80E0 11 03 00                     ld      de, CONFIG_DIGITS
 14+  80E3 19                           add     hl, de
 15+  80E4 11 47 81                     ld      de, digit_codes
 16+  80E7 01 0A 00                     ld      bc, 10
 17+  80EA ED B0                        ldir
 18+  80EC E1                           pop     hl
 19+  80ED E5                           push    hl
 20+  80EE 11 0D 00                     ld      de, CONFIG_ASCII
 21+  80F1 19                           add     hl, de
 22+  80F2 11 51 81                     ld      de, ascii_codes
 23+  80F5 01 60 00                     ld      bc, 96
 24+  80F8 ED B0                        ldir
 25+  80FA E1                           pop     hl
 26+  80FB 11 6D 00                     ld      de, CONFIG_PUNCTUATION
 27+  80FE 19                           add     hl, de
 28+  80FF 7E                           ld      a, (hl)                 ; how many marks there are
 29+  8100 32 B2 81                     ld      (punct_count), a
 30+  8103 23                           inc     hl
 31+  8104 7E                           ld      a, (hl)                 ; the space comes first
 32+  8105 32 B1 81                     ld      (space_code), a
 33+  8108 3A B2 81                     ld      a, (punct_count)
 34+  810B 4F                           ld      c, a
 35+  810C 06 00                        ld      b, 0
 36+  810E 11 B3 81                     ld      de, punct_codes
 37+  8111 ED B0                        ldir
 38+  8113 22 BB 81                     ld      (seps_at), hl           ; the words come after them
 39+  8116 C9                           ret
 40+  8117
 41+  8117              ; Whether the code in A is a mark that ends one order and starts the next.
 42+  8117              ; A space is not one of them: it only parts words.
 43+  8117              ; Zero flag set when it is.
 44+  8117              ; Corrupts: AF, BC, HL
 45+  8117              ends_statement:
 46+  8117 4F                           ld      c, a
 47+  8118 3A B1 81                     ld      a, (space_code)
 48+  811B B9                           cp      c
 49+  811C 28 10                        jr      z, .no
 50+  811E 3A B2 81                     ld      a, (punct_count)
 51+  8121 B7                           or      a
 52+  8122 28 0A                        jr      z, .no
 53+  8124 47                           ld      b, a
 54+  8125 21 B3 81                     ld      hl, punct_codes
 55+  8128              .each:
 56+  8128 7E                           ld      a, (hl)
 57+  8129 23                           inc     hl
 58+  812A B9                           cp      c
 59+  812B C8                           ret     z
 60+  812C 10 FA                        djnz    .each
 61+  812E              .no:
 62+  812E F6 FF                        or      $FF
 63+  8130 C9                           ret
 64+  8131
 65+  8131              ; The code for the ASCII character in A, or NO_CHARACTER.
 66+  8131              ; Corrupts: HL
 67+  8131              ascii_to_code:
 68+  8131 D6 20                        sub     32
 69+  8133 38 0F                        jr      c, .missing
 70+  8135 FE 60                        cp      96
 71+  8137 3F                           ccf
 72+  8138 38 0A                        jr      c, .missing
 73+  813A 21 51 81                     ld      hl, ascii_codes
 74+  813D 85                           add     a, l
 75+  813E 6F                           ld      l, a
 76+  813F 30 01                        jr      nc, .no_carry
 77+  8141 24                           inc     h
 78+  8142              .no_carry:
 79+  8142 7E                           ld      a, (hl)
 80+  8143 C9                           ret
 81+  8144              .missing:
 82+  8144 3E FF                        ld      a, NO_CHARACTER
 83+  8146 C9                           ret
 84+  8147
 85+  8147 00 00 00...  digit_codes:    ds      10
 86+  8151 00 00 00...  ascii_codes:    ds      96
 87+  81B1 00           space_code:     db      0
 88+  81B2 00           punct_count:    db      0
 89+  81B3 00 00 00...  punct_codes:    ds      8
 90+  81BB 00 00        seps_at:        dw      0                       ; the separator words, if any
 91+  81BD
# file closed: config.asm
102   81BD                              include "../common/unpack.asm"
# file opened: unpack.asm
  1+  81BD              ; MIT License, Copyright (c) 2025 Cronomantic
  2+  81BD              ;
  3+  81BD              ; Unpacking a message.  See doc/textos.md.
  4+  81BD              ;
  5+  81BD              ; A code below the first pair is a character; anything else stands for two
  6+  81BD              ; codes, and those may stand for two more.  Walking that needs a stack, so the
  7+  81BD              ; machine's own is used by letting the routine call itself: the deepest any of
  8+  81BD              ; the eight adventures went was ten levels, which is forty bytes.
  9+  81BD              ;
 10+  81BD              ; A message unpacks on its own, touching nothing before it, which is what lets
 11+  81BD              ; the interpreter print message 137 and only that one.
 12+  81BD
 13+  81BD              ; Read the text section header and remember where its parts are.
 14+  81BD              ; Corrupts: AF, BC, DE, HL
 15+  81BD              text_init:
 16+  81BD 3E 05                        ld      a, SECTION_TEXT
 17+  81BF CD 9B 80                     call    db_section              ; HL = section start
 18+  81C2 7E                           ld      a, (hl)
 19+  81C3 32 76 82                     ld      (first_pair), a
 20+  81C6 23                           inc     hl
 21+  81C7 7E                           ld      a, (hl)
 22+  81C8 32 77 82                     ld      (pair_count), a
 23+  81CB 23                           inc     hl
 24+  81CC 22 6A 82                     ld      (pair_table), hl
 25+  81CF                              ; the message count sits after the pair table
 26+  81CF 5F                           ld      e, a
 27+  81D0 16 00                        ld      d, 0
 28+  81D2 CB 23                        sla     e
 29+  81D4 CB 12                        rl      d                       ; two bytes a pair
 30+  81D6 19                           add     hl, de
 31+  81D7 22 6C 82                     ld      (message_lookup), hl    ; message number -> its place
 32+  81DA 11 00 01                     ld      de, 256
 33+  81DD 19                           add     hl, de
 34+  81DE 5E                           ld      e, (hl)
 35+  81DF 23                           inc     hl
 36+  81E0 56                           ld      d, (hl)
 37+  81E1 23                           inc     hl
 38+  81E2 ED 53 72 82                  ld      (message_count), de
 39+  81E6 22 6E 82                     ld      (offset_table), hl
 40+  81E9                              ; then the offsets, then the length of the packed bytes
 41+  81E9 EB                           ex      de, hl
 42+  81EA 29                           add     hl, hl                  ; two bytes a message
 43+  81EB EB                           ex      de, hl
 44+  81EC 19                           add     hl, de
 45+  81ED 5E                           ld      e, (hl)
 46+  81EE 23                           inc     hl
 47+  81EF 56                           ld      d, (hl)
 48+  81F0 23                           inc     hl
 49+  81F1 ED 53 74 82                  ld      (data_size), de
 50+  81F5 22 70 82                     ld      (message_data), hl
 51+  81F8 C9                           ret
 52+  81F9
 53+  81F9              ; Where message DE starts, in HL.  Reading one past the last message gives the
 54+  81F9              ; length of the packed bytes, which is what makes the end of a message easy.
 55+  81F9              ; Corrupts: AF, DE
 56+  81F9              message_offset:
 57+  81F9 2A 72 82                     ld      hl, (message_count)
 58+  81FC B7                           or      a
 59+  81FD ED 52                        sbc     hl, de
 60+  81FF 20 04                        jr      nz, .from_table
 61+  8201 2A 74 82                     ld      hl, (data_size)         ; one past the last
 62+  8204 C9                           ret
 63+  8205              .from_table:
 64+  8205 2A 6E 82                     ld      hl, (offset_table)
 65+  8208 CB 23                        sla     e
 66+  820A CB 12                        rl      d
 67+  820C 19                           add     hl, de
 68+  820D 5E                           ld      e, (hl)
 69+  820E 23                           inc     hl
 70+  820F 56                           ld      d, (hl)
 71+  8210 EB                           ex      de, hl
 72+  8211 C9                           ret
 73+  8212
 74+  8212              ; Unpack message DE into text_buffer.  Its length comes back in BC.
 75+  8212              ; Corrupts: AF, DE, HL
 76+  8212              unpack_message:
 77+  8212 3E 05                        ld      a, SECTION_TEXT         ; where the machine keeps it,
 78+  8214 CD C8 80                     call    db_bank_in              ; which may be a bank
 79+  8217 D5                           push    de
 80+  8218 CD F9 81                     call    message_offset
 81+  821B E5                           push    hl                      ; where it starts
 82+  821C C1                           pop     bc
 83+  821D D1                           pop     de
 84+  821E 13                           inc     de
 85+  821F C5                           push    bc
 86+  8220 CD F9 81                     call    message_offset          ; where the next one starts
 87+  8223 C1                           pop     bc
 88+  8224 B7                           or      a
 89+  8225 ED 42                        sbc     hl, bc                  ; HL = how many packed bytes
 90+  8227 54                           ld      d, h
 91+  8228 5D                           ld      e, l
 92+  8229 2A 70 82                     ld      hl, (message_data)
 93+  822C 09                           add     hl, bc                  ; HL = the packed bytes
 94+  822D 42                           ld      b, d
 95+  822E 4B                           ld      c, e                    ; BC = how many
 96+  822F 11 78 82                     ld      de, text_buffer
 97+  8232              .next:
 98+  8232 78                           ld      a, b
 99+  8233 B1                           or      c
100+  8234 28 0C                        jr      z, .done
101+  8236 0B                           dec     bc
102+  8237 7E                           ld      a, (hl)
103+  8238 23                           inc     hl
104+  8239 E5                           push    hl
105+  823A C5                           push    bc
106+  823B CD 4C 82                     call    expand_code
107+  823E C1                           pop     bc
108+  823F E1                           pop     hl
109+  8240 18 F0                        jr      .next
110+  8242              .done:
111+  8242 21 78 82                     ld      hl, text_buffer
112+  8245 EB                           ex      de, hl
113+  8246 B7                           or      a
114+  8247 ED 52                        sbc     hl, de                  ; HL = characters written
115+  8249 44                           ld      b, h
116+  824A 4D                           ld      c, l
117+  824B C9                           ret
118+  824C
119+  824C              ; Expand one code.  A is the code, DE points at the output and is advanced.
120+  824C              ; Calls itself for the left half of a pair, which is what gives the stack.
121+  824C              ; Corrupts: AF, BC, HL
122+  824C              expand_code:
123+  824C 21 76 82                     ld      hl, first_pair
124+  824F BE                           cp      (hl)
125+  8250 30 03                        jr      nc, .pair
126+  8252 12                           ld      (de), a                 ; a character: write it out
127+  8253 13                           inc     de
128+  8254 C9                           ret
129+  8255              .pair:
130+  8255 96                           sub     (hl)                    ; which pair
131+  8256 6F                           ld      l, a
132+  8257 26 00                        ld      h, 0
133+  8259 29                           add     hl, hl                  ; two bytes an entry
134+  825A ED 4B 6A 82                  ld      bc, (pair_table)
135+  825E 09                           add     hl, bc
136+  825F 7E                           ld      a, (hl)                 ; the left half
137+  8260 23                           inc     hl
138+  8261 46                           ld      b, (hl)                 ; the right half
139+  8262 C5                           push    bc
140+  8263 CD 4C 82                     call    expand_code             ; left first, so order holds
141+  8266 C1                           pop     bc
142+  8267 78                           ld      a, b
143+  8268 18 E2                        jr      expand_code             ; then right, as a tail call
144+  826A
145+  826A 00 00        pair_table:     dw      0
146+  826C 00 00        message_lookup: dw      0
147+  826E 00 00        offset_table:   dw      0
148+  8270 00 00        message_data:   dw      0
149+  8272 00 00        message_count:  dw      0
150+  8274 00 00        data_size:      dw      0
151+  8276 00           first_pair:     db      0
152+  8277 00           pair_count:     db      0
153+  8278 00 00 00...  text_buffer:    ds      256
154+  8378
155+  8378
156+  8378              ; The place in the store of message number A, in DE.  Carry set if there is no
157+  8378              ; such message.
158+  8378              ; Corrupts: AF, HL
159+  8378              message_index:
160+  8378 2A 6C 82                     ld      hl, (message_lookup)
161+  837B 5F                           ld      e, a
162+  837C 16 00                        ld      d, 0
163+  837E 19                           add     hl, de
164+  837F 7E                           ld      a, (hl)
165+  8380 FE FF                        cp      NO_MESSAGE
166+  8382 37                           scf
167+  8383 C8                           ret     z
168+  8384 5F                           ld      e, a
169+  8385 16 00                        ld      d, 0
170+  8387 B7                           or      a
171+  8388 C9                           ret
172+  8389
# file closed: unpack.asm
103   8389                              include "screen.asm"
# file opened: screen.asm
  1+  8389              ; MIT License, Copyright (c) 2025 Cronomantic
  2+  8389              ;
  3+  8389              ; The screen on an MSX1, which is not in the processor's memory at all.
  4+  8389              ;
  5+  8389              ; It lives in the video chip's own sixteen kilobytes, behind two ports: one to
  6+  8389              ; say which address, one to pass the bytes.  Reading it back costs two writes
  7+  8389              ; and a read, where a Spectrum costs seven clock cycles, and our fill reads the
  8+  8389              ; screen constantly -- it walks left and right asking what is set.
  9+  8389              ;
 10+  8389              ; So the picture is drawn into a copy in our own memory and sent across when it
 11+  8389              ; is finished.  Everything above that is then the Spectrum's, unchanged: screen
 12+  8389              ; 2 is one bit per pixel and a fill stops where a pixel is set, exactly as
 13+  8389              ; there.  What is not the Spectrum's is the colour, which belongs to eight
 14+  8389              ; pixels of one line rather than to a cell of eight by eight.
 15+  8389              ;
 16+  8389              ; The copy is kept **row by row**, thirty two bytes to a line, and not in the
 17+  8389              ; shape the chip wants -- which is the eight lines of a cell together, at
 18+  8389              ;
 19+  8389              ;       (y & $F8) * 32 + (x & $F8) + (y & 7)
 20+  8389              ;
 21+  8389              ; That was tried the other way round first, and it cost: in the chip's shape
 22+  8389              ; the byte next to this one along a row is eight further on, so the fill's
 23+  8389              ; search for the ends of a run steps with three instructions where the
 24+  8389              ; Spectrum's steps with one, twice for every cell of every row.  Measured on a
 25+  8389              ; screenful, that search took 0.32s against the Spectrum's 0.18s while writing
 26+  8389              ; the pixels and the colours cost the same on both.
 27+  8389              ;
 28+  8389              ; Laid out row by row, all of that is the Spectrum's code unchanged, and the
 29+  8389              ; shuffling into the chip's shape happens once, in the sending, which walks
 30+  8389              ; the whole copy anyway: eight bytes of a cell are eight steps of thirty two.
 31+  8389              ;
 32+  8389              ; The text goes straight to the chip: printing never reads what is there.
 33+  8389
 34+  8389              VDP_DATA        equ $98                 ; the bytes
 35+  8389              VDP_ADDR        equ $99                 ; where they go, and the registers
 36+  8389
 37+  8389              VRAM_PATTERNS   equ $0000               ; the three tables, in the chip
 38+  8389              VRAM_NAMES      equ $1800
 39+  8389              VRAM_COLOURS    equ $2000
 40+  8389              VRAM_COLOUR_ROW equ (VRAM_COLOURS - VRAM_PATTERNS) >> 8         ; rows apart
 41+  8389              VRAM_SHOWN      equ VRAM_COLOURS + $1800        ; patterns, names and colours:
 42+  8389                                                              ; what a dump of this screen is
 43+  8389              ROW_BYTES       equ 256                 ; one character row of either table
 44+  8389
 45+  8389              SCREEN_COLS     equ 32
 46+  8389              TEXT_TOP        equ 16                  ; the first row the text may use
 47+  8389              TEXT_ROWS       equ 24 - TEXT_TOP
 48+  8389              PICTURE_ROWS    equ TEXT_TOP * 8        ; the picture, in pixel lines
 49+  8389              PICTURE_BYTES   equ TEXT_TOP * ROW_BYTES
 50+  8389
 51+  8389              ; And the copy we draw into: four kilobytes of patterns and four of colours,
 52+  8389              ; row by row, on a four kilobyte boundary so that the eight rows of a page are
 53+  8389              ; the high byte of an address and nothing else.
 54+  8389              SHADOW          equ $C000
 55+  8389              SHADOW_COLOURS  equ SHADOW + $1000
 56+  8389
 57+  8389              ; Colours, as this machine numbers them.  A picture asks in the Spectrum's
 58+  8389              ; sixteen and gets the nearest of the fifteen here; the table that does the
 59+  8389              ; matching is in draw.asm and comes from the reference renderer, so that both
 60+  8389              ; ends of the comparison agree.
 61+  8389              MSX_BLACK       equ 1
 62+  8389              MSX_WHITE       equ 14
 63+  8389              TEXT_COLOUR     equ (MSX_WHITE << 4) | MSX_BLACK
 64+  8389
 65+  8389              ; The eight registers screen 2 wants.
 66+  8389 02           screen_setup:   db      $02             ; graphics two
 67+  838A C0                           db      $C0             ; sixteen K, display on, no interrupt
 68+  838B 06                           db      VRAM_NAMES / $400
 69+  838C FF                           db      $FF             ; the colour table, and all of it
 70+  838D 03                           db      $03             ; the patterns
 71+  838E 36                           db      $36             ; sprites, which are never used
 72+  838F 07                           db      $07
 73+  8390 01                           db      MSX_BLACK       ; the border
 74+  8391
 75+  8391              ; The eight registers, and nothing else: the loader wants this on its own, to
 76+  8391              ; put a loading screen up before there is a database to take a font out of.
 77+  8391              ; Corrupts: AF, C, HL
 78+  8391              vdp_setup:
 79+  8391 21 89 83                     ld      hl, screen_setup
 80+  8394 0E 80                        ld      c, $80                  ; register nought
 81+  8396              .each_register:
 82+  8396 7E                           ld      a, (hl)
 83+  8397 D3 99                        out     (VDP_ADDR), a
 84+  8399 79                           ld      a, c
 85+  839A D3 99                        out     (VDP_ADDR), a
 86+  839C 23                           inc     hl
 87+  839D 0C                           inc     c
 88+  839E 79                           ld      a, c
 89+  839F FE 88                        cp      $88
 90+  83A1 20 F3                        jr      nz, .each_register
 91+  83A3 C9                           ret
 92+  83A4
 93+  83A4              ; Put the machine in screen 2 and lay its tables out.  The BIOS could do this,
 94+  83A4              ; but the BIOS is not there once the interpreter takes all sixty four
 95+  83A4              ; kilobytes for itself, so it is done here.
 96+  83A4              ; Corrupts: AF, BC, DE, HL
 97+  83A4              screen_init:
 98+  83A4 CD 91 83                     call    vdp_setup
 99+  83A7                              ; The name table says which pattern each cell shows: its own,
100+  83A7                              ; counting round every 256.  That is what turns a table of
101+  83A7                              ; characters into a bitmap.
102+  83A7 21 00 18                     ld      hl, VRAM_NAMES
103+  83AA CD CD 83                     call    vram_write
104+  83AD 06 03                        ld      b, 3                    ; three blocks of 256
105+  83AF              .each_block:
106+  83AF 0E 00                        ld      c, 0
107+  83B1              .each_name:
108+  83B1 79                           ld      a, c
109+  83B2 D3 98                        out     (VDP_DATA), a
110+  83B4 0C                           inc     c
111+  83B5 20 FA                        jr      nz, .each_name
112+  83B7 10 F6                        djnz    .each_block
113+  83B9                              ; the font, out of the database, as on every machine
114+  83B9 3E 06                        ld      a, SECTION_FONT
115+  83BB CD 9B 80                     call    db_section
116+  83BE 7E                           ld      a, (hl)
117+  83BF 32 30 85                     ld      (font_first), a
118+  83C2 23                           inc     hl
119+  83C3 7E                           ld      a, (hl)
120+  83C4 32 31 85                     ld      (font_count), a
121+  83C7 23                           inc     hl
122+  83C8 22 2E 85                     ld      (font_glyphs), hl
123+  83CB 18 4F                        jr      cls_window
124+  83CD
125+  83CD              ; Point the chip at address HL, to be written to.
126+  83CD              ; Corrupts: AF
127+  83CD              vram_write:
128+  83CD 7D                           ld      a, l
129+  83CE D3 99                        out     (VDP_ADDR), a
130+  83D0 7C                           ld      a, h
131+  83D1 F6 40                        or      $40                     ; writing, not reading
132+  83D3 D3 99                        out     (VDP_ADDR), a
133+  83D5 C9                           ret
134+  83D6
135+  83D6              ; And to be read from.
136+  83D6              ; Corrupts: AF
137+  83D6              vram_read:
138+  83D6 7D                           ld      a, l
139+  83D7 D3 99                        out     (VDP_ADDR), a
140+  83D9 7C                           ld      a, h
141+  83DA D3 99                        out     (VDP_ADDR), a
142+  83DC C9                           ret
143+  83DD
144+  83DD              ; DE bytes of C from where the chip is pointed.
145+  83DD              ; Corrupts: AF, DE
146+  83DD              vram_same:
147+  83DD 79                           ld      a, c
148+  83DE D3 98                        out     (VDP_DATA), a
149+  83E0 1B                           dec     de
150+  83E1 7A                           ld      a, d
151+  83E2 B3                           or      e
152+  83E3 20 F8                        jr      nz, vram_same
153+  83E5 C9                           ret
154+  83E6
155+  83E6              ; Send the picture across: four kilobytes of patterns and four of colours.
156+  83E6              ; Once a room, not once a shape, which is what the picture interpreter's own
157+  83E6              ; hook is for.
158+  83E6              ; Corrupts: AF, BC, DE, HL
159+  83E6              gfx_show:
160+  83E6 21 00 00                     ld      hl, VRAM_PATTERNS
161+  83E9 CD CD 83                     call    vram_write
162+  83EC 21 00 C0                     ld      hl, SHADOW
163+  83EF CD FB 83                     call    .a_table
164+  83F2 21 00 20                     ld      hl, VRAM_COLOURS
165+  83F5 CD CD 83                     call    vram_write
166+  83F8 21 00 D0                     ld      hl, SHADOW_COLOURS
167+  83FB                              ; fall through
168+  83FB
169+  83FB              ; One table across, gathering as it goes: the chip wants the eight lines of a
170+  83FB              ; cell one after another, and in our copy those are eight rows apart.
171+  83FB              .a_table:
172+  83FB 11 20 00                     ld      de, SCREEN_COLS         ; from one line to the next
173+  83FE 0E 10                        ld      c, TEXT_TOP             ; sixteen rows of the picture
174+  8400              .each_row:
175+  8400 E5                           push    hl
176+  8401 06 20                        ld      b, SCREEN_COLS          ; and thirty two cells in each
177+  8403              .each_cell:
178+  8403 E5                           push    hl
179+  8404 C5                           push    bc
180+  8405 06 08                        ld      b, 8                    ; the eight lines of the cell
181+  8407              .each_line:
182+  8407 7E                           ld      a, (hl)
183+  8408 D3 98                        out     (VDP_DATA), a
184+  840A 19                           add     hl, de
185+  840B 10 FA                        djnz    .each_line
186+  840D C1                           pop     bc
187+  840E E1                           pop     hl
188+  840F 23                           inc     hl                      ; on to the next cell along
189+  8410 10 F1                        djnz    .each_cell
190+  8412 E1                           pop     hl
191+  8413 24                           inc     h                       ; and on to the next row, which
192+  8414                                                              ; is eight lines of thirty two
193+  8414 0D                           dec     c
194+  8415 20 E9                        jr      nz, .each_row
195+  8417 C9                           ret
196+  8418
197+  8418              ; Where row A of either of the chip's tables starts: a row is 256 bytes, so it
198+  8418              ; is the high byte and nothing else.  (The fill has a row_address of its own,
199+  8418              ; for the copy in our memory, which is not the same thing.)
200+  8418              ; Corrupts: AF
201+  8418              vram_row:
202+  8418 67                           ld      h, a
203+  8419 2E 00                        ld      l, 0
204+  841B C9                           ret
205+  841C
206+  841C              ; Clear the text window, which is the last eight rows of both tables.
207+  841C              ; Corrupts: AF, BC, DE, HL
208+  841C              cls_window:
209+  841C 3E 10                        ld      a, TEXT_TOP
210+  841E CD 18 84                     call    vram_row
211+  8421 CD CD 83                     call    vram_write
212+  8424 11 00 08                     ld      de, TEXT_ROWS * ROW_BYTES
213+  8427 0E 00                        ld      c, 0
214+  8429 CD DD 83                     call    vram_same
215+  842C 3E 30                        ld      a, TEXT_TOP + VRAM_COLOUR_ROW
216+  842E CD 18 84                     call    vram_row
217+  8431 CD CD 83                     call    vram_write
218+  8434 11 00 08                     ld      de, TEXT_ROWS * ROW_BYTES
219+  8437 0E E1                        ld      c, TEXT_COLOUR
220+  8439 CD DD 83                     call    vram_same
221+  843C AF                           xor     a
222+  843D 32 32 85                     ld      (cursor_x), a
223+  8440 3E 10                        ld      a, TEXT_TOP
224+  8442 32 33 85                     ld      (cursor_y), a
225+  8445 C9                           ret
226+  8446
227+  8446              ; Where the cursor is, in the chip's memory.
228+  8446              ; Corrupts: AF
229+  8446              cursor_address:
230+  8446 3A 33 85                     ld      a, (cursor_y)
231+  8449 67                           ld      h, a
232+  844A 3A 32 85                     ld      a, (cursor_x)
233+  844D 87                           add     a, a
234+  844E 87                           add     a, a
235+  844F 87                           add     a, a                    ; eight bytes to a cell
236+  8450 6F                           ld      l, a
237+  8451 C9                           ret
238+  8452
239+  8452              ; Move the text window up by one row.  There is no copy of the text to move
240+  8452              ; about, so it comes back out of the chip a row at a time -- which is 256
241+  8452              ; bytes, because of how these tables are laid out.
242+  8452              ; Corrupts: everything
243+  8452              scroll_window:
244+  8452 06 07                        ld      b, TEXT_ROWS - 1
245+  8454 0E 10                        ld      c, TEXT_TOP                     ; the row it lands on
246+  8456              .each_row:
247+  8456 C5                           push    bc
248+  8457 16 00                        ld      d, 0                            ; the patterns
249+  8459 CD 87 84                     call    copy_row
250+  845C C1                           pop     bc
251+  845D C5                           push    bc
252+  845E 16 20                        ld      d, VRAM_COLOUR_ROW              ; and the colours
253+  8460 CD 87 84                     call    copy_row
254+  8463 C1                           pop     bc
255+  8464 0C                           inc     c
256+  8465 10 EF                        djnz    .each_row
257+  8467                              ; the row that came free is wiped
258+  8467 3E 17                        ld      a, TEXT_TOP + TEXT_ROWS - 1
259+  8469 CD 18 84                     call    vram_row
260+  846C CD CD 83                     call    vram_write
261+  846F 11 00 01                     ld      de, ROW_BYTES
262+  8472 0E 00                        ld      c, 0
263+  8474 CD DD 83                     call    vram_same
264+  8477 3E 37                        ld      a, TEXT_TOP + TEXT_ROWS - 1 + VRAM_COLOUR_ROW
265+  8479 CD 18 84                     call    vram_row
266+  847C CD CD 83                     call    vram_write
267+  847F 11 00 01                     ld      de, ROW_BYTES
268+  8482 0E E1                        ld      c, TEXT_COLOUR
269+  8484 C3 DD 83                     jp      vram_same
270+  8487
271+  8487              ; The row above C down onto C, in the table D rows up.
272+  8487              ; Corrupts: everything
273+  8487              copy_row:
274+  8487 79                           ld      a, c
275+  8488 3C                           inc     a
276+  8489 82                           add     a, d
277+  848A CD 18 84                     call    vram_row
278+  848D D5                           push    de
279+  848E C5                           push    bc
280+  848F CD D6 83                     call    vram_read
281+  8492 21 34 85                     ld      hl, line_buffer
282+  8495 06 00                        ld      b, 0                            ; 256 of them
283+  8497              .take:
284+  8497 DB 98                        in      a, (VDP_DATA)
285+  8499 77                           ld      (hl), a
286+  849A 23                           inc     hl
287+  849B 10 FA                        djnz    .take
288+  849D C1                           pop     bc
289+  849E D1                           pop     de
290+  849F 79                           ld      a, c
291+  84A0 82                           add     a, d
292+  84A1 CD 18 84                     call    vram_row
293+  84A4 CD CD 83                     call    vram_write
294+  84A7 21 34 85                     ld      hl, line_buffer
295+  84AA 06 00                        ld      b, 0
296+  84AC              .give:
297+  84AC 7E                           ld      a, (hl)
298+  84AD D3 98                        out     (VDP_DATA), a
299+  84AF 23                           inc     hl
300+  84B0 10 FA                        djnz    .give
301+  84B2 C9                           ret
302+  84B3
303+  84B3              ; Start a new line, scrolling if the window is full.
304+  84B3              ; Corrupts: everything
305+  84B3              new_line:
306+  84B3 AF                           xor     a
307+  84B4 32 32 85                     ld      (cursor_x), a
308+  84B7 3A 33 85                     ld      a, (cursor_y)
309+  84BA 3C                           inc     a
310+  84BB FE 18                        cp      TEXT_TOP + TEXT_ROWS
311+  84BD 38 05                        jr      c, .fits
312+  84BF CD 52 84                     call    scroll_window
313+  84C2 3E 17                        ld      a, TEXT_TOP + TEXT_ROWS - 1
314+  84C4              .fits:
315+  84C4 32 33 85                     ld      (cursor_y), a
316+  84C7 C9                           ret
317+  84C8
318+  84C8              ; Draw the glyph for code A at the cursor and step right: eight bytes of
319+  84C8              ; pattern and eight of colour, which is what a line of colour costs here.
320+  84C8              ; Corrupts: everything
321+  84C8              print_char:
322+  84C8 F5                           push    af
323+  84C9 21 30 85                     ld      hl, font_first
324+  84CC 96                           sub     (hl)
325+  84CD 6F                           ld      l, a
326+  84CE 26 00                        ld      h, 0
327+  84D0 29                           add     hl, hl
328+  84D1 29                           add     hl, hl
329+  84D2 29                           add     hl, hl                  ; eight bytes a glyph
330+  84D3 ED 5B 2E 85                  ld      de, (font_glyphs)
331+  84D7 19                           add     hl, de
332+  84D8 EB                           ex      de, hl                  ; DE = the glyph
333+  84D9 CD 46 84                     call    cursor_address
334+  84DC E5                           push    hl
335+  84DD CD CD 83                     call    vram_write
336+  84E0 06 08                        ld      b, 8
337+  84E2              .line:
338+  84E2 1A                           ld      a, (de)
339+  84E3 D3 98                        out     (VDP_DATA), a
340+  84E5 13                           inc     de
341+  84E6 10 FA                        djnz    .line
342+  84E8 E1                           pop     hl
343+  84E9 7C                           ld      a, h
344+  84EA C6 20                        add     a, VRAM_COLOUR_ROW
345+  84EC 67                           ld      h, a
346+  84ED CD CD 83                     call    vram_write
347+  84F0 06 08                        ld      b, 8
348+  84F2              .colour:
349+  84F2 3E E1                        ld      a, TEXT_COLOUR
350+  84F4 D3 98                        out     (VDP_DATA), a
351+  84F6 10 FA                        djnz    .colour
352+  84F8 F1                           pop     af
353+  84F9                              ; step right, wrapping to the next line at the edge
354+  84F9 3A 32 85                     ld      a, (cursor_x)
355+  84FC 3C                           inc     a
356+  84FD FE 20                        cp      SCREEN_COLS
357+  84FF 38 03                        jr      c, .same_line
358+  8501 C3 B3 84                     jp      new_line
359+  8504              .same_line:
360+  8504 32 32 85                     ld      (cursor_x), a
361+  8507 C9                           ret
362+  8508
363+  8508              ; Step back one place and rub out what was there.
364+  8508              ; Corrupts: everything
365+  8508              backspace:
366+  8508 3A 32 85                     ld      a, (cursor_x)
367+  850B B7                           or      a
368+  850C 20 0E                        jr      nz, .same_line
369+  850E 3A 33 85                     ld      a, (cursor_y)
370+  8511 FE 10                        cp      TEXT_TOP
371+  8513 C8                           ret     z                       ; nothing left to rub out
372+  8514 3D                           dec     a
373+  8515 32 33 85                     ld      (cursor_y), a
374+  8518 3E 1F                        ld      a, SCREEN_COLS - 1
375+  851A 18 01                        jr      .place
376+  851C              .same_line:
377+  851C 3D                           dec     a
378+  851D              .place:
379+  851D 32 32 85                     ld      (cursor_x), a
380+  8520 CD 46 84                     call    cursor_address
381+  8523 CD CD 83                     call    vram_write
382+  8526 06 08                        ld      b, 8
383+  8528 AF                           xor     a
384+  8529              .line:
385+  8529 D3 98                        out     (VDP_DATA), a
386+  852B 10 FC                        djnz    .line
387+  852D C9                           ret
388+  852E
389+  852E 00 00        font_glyphs:    dw      0
390+  8530 00           font_first:     db      0
391+  8531 00           font_count:     db      0
392+  8532 00           cursor_x:       db      0
393+  8533 10           cursor_y:       db      TEXT_TOP
394+  8534 00 00 00...  line_buffer:    ds      ROW_BYTES
395+  8634
# file closed: screen.asm
104   8634                              include "../common/textout.asm"
# file opened: textout.asm
  1+  8634              ; MIT License, Copyright (c) 2025 Cronomantic
  2+  8634              ;
  3+  8634              ; Printing a run of text, breaking it between words.
  4+  8634              ;
  5+  8634              ; This knows nothing about any screen beyond how wide it is and where the
  6+  8634              ; cursor sits, both of which the machine's own screen layer names, so every
  7+  8634              ; machine shares it.
  8+  8634
  9+  8634              ; Print BC characters from HL, breaking between words so none is split.
 10+  8634              ; Corrupts: AF, BC, DE, HL
 11+  8634              print_text:
 12+  8634              .word:
 13+  8634 78                           ld      a, b
 14+  8635 B1                           or      c
 15+  8636 C8                           ret     z
 16+  8637                              ; how long is the run up to the next space
 17+  8637 E5                           push    hl
 18+  8638 C5                           push    bc
 19+  8639 11 00 00                     ld      de, 0                   ; E counts it
 20+  863C              .measure:
 21+  863C 78                           ld      a, b
 22+  863D B1                           or      c
 23+  863E 28 0E                        jr      z, .measured
 24+  8640 7E                           ld      a, (hl)
 25+  8641 E5                           push    hl
 26+  8642 21 B1 81                     ld      hl, space_code
 27+  8645 BE                           cp      (hl)
 28+  8646 E1                           pop     hl
 29+  8647 28 05                        jr      z, .measured
 30+  8649 23                           inc     hl
 31+  864A 0B                           dec     bc
 32+  864B 1C                           inc     e
 33+  864C 18 EE                        jr      .measure
 34+  864E              .measured:
 35+  864E C1                           pop     bc
 36+  864F E1                           pop     hl
 37+  8650                              ; does it fit on what is left of this line?
 38+  8650 3A 32 85                     ld      a, (cursor_x)
 39+  8653 83                           add     a, e
 40+  8654 FE 21                        cp      SCREEN_COLS + 1
 41+  8656 38 0F                        jr      c, .fits
 42+  8658 3A 32 85                     ld      a, (cursor_x)
 43+  865B B7                           or      a
 44+  865C 28 09                        jr      z, .fits                ; no point breaking at column 0
 45+  865E E5                           push    hl
 46+  865F C5                           push    bc
 47+  8660 D5                           push    de
 48+  8661 CD B3 84                     call    new_line                ; this treads on every register
 49+  8664 D1                           pop     de
 50+  8665 C1                           pop     bc
 51+  8666 E1                           pop     hl
 52+  8667              .fits:
 53+  8667                              ; print the run, then the space that ended it
 54+  8667 7B                           ld      a, e
 55+  8668 B7                           or      a
 56+  8669 28 0F                        jr      z, .space
 57+  866B              .emit:
 58+  866B 7E                           ld      a, (hl)
 59+  866C 23                           inc     hl
 60+  866D 0B                           dec     bc
 61+  866E C5                           push    bc
 62+  866F E5                           push    hl
 63+  8670 D5                           push    de
 64+  8671 CD C8 84                     call    print_char
 65+  8674 D1                           pop     de
 66+  8675 E1                           pop     hl
 67+  8676 C1                           pop     bc
 68+  8677 1D                           dec     e
 69+  8678 20 F1                        jr      nz, .emit
 70+  867A              .space:
 71+  867A 78                           ld      a, b
 72+  867B B1                           or      c
 73+  867C C8                           ret     z
 74+  867D 7E                           ld      a, (hl)                 ; the space itself
 75+  867E 23                           inc     hl
 76+  867F 0B                           dec     bc
 77+  8680 C5                           push    bc
 78+  8681 E5                           push    hl
 79+  8682 CD C8 84                     call    print_char
 80+  8685 E1                           pop     hl
 81+  8686 C1                           pop     bc
 82+  8687 18 AB                        jr      .word
 83+  8689
# file closed: textout.asm
105   8689                              include "keyboard.asm"
# file opened: keyboard.asm
  1+  8689              ; MIT License, Copyright (c) 2025 Cronomantic
  2+  8689              ;
  3+  8689              ; Reading the keyboard on an MSX1, which hangs off the same 8255 the Amstrad's
  4+  8689              ; does: the row wanted goes in the low four bits of port C and its eight keys
  5+  8689              ; come back on port B, with a bit low while its key is held.
  6+  8689              ;
  7+  8689              ; The BIOS has a routine for this and keeps the whole matrix in memory for
  8+  8689              ; anyone to read, at $FBE5 -- which is where the eleven rows below were
  9+  8689              ; measured, one key at a time.  None of that is any use once the interpreter
 10+  8689              ; takes the machine for itself: the BIOS is paged out and its interrupt is not
 11+  8689              ; running, so nothing is scanning any more.  So this scans.
 12+  8689              ;
 13+  8689              ; The top four bits of port C are the cassette motor, the tape output, the key
 14+  8689              ; click and the caps lamp, and none of them are ours to change; whatever the
 15+  8689              ; machine had in them when we arrived is what it keeps.
 16+  8689
 17+  8689              PPI_B           equ $A9                 ; the eight keys of the row chosen
 18+  8689              PPI_C           equ $AA                 ; and, in its low half, which row
 19+  8689
 20+  8689              KEY_ROWS        equ 11
 21+  8689              SHIFT_ROW       equ 6                   ; and the bit of it the shift is on
 22+  8689              SHIFT_BIT       equ %00000001
 23+  8689
 24+  8689              KEY_ENTER       equ 13
 25+  8689              KEY_DELETE      equ 8
 26+  8689              INPUT_MAX       equ 64                  ; as much of a line as is kept
 27+  8689
 28+  8689              ; A fiftieth of a second is about seventy thousand clock cycles here, and one
 29+  8689              ; look at the whole keyboard is about two thousand five hundred, so this many
 30+  8689              ; looks fill a frame.  Nothing turns on it being exact.
 31+  8689              LOOKS_A_FRAME   equ 28
 32+  8689
 33+  8689              ; Take note of what the machine has in the top half of port C, which is not
 34+  8689              ; ours to change.
 35+  8689              ; Corrupts: AF
 36+  8689              keyboard_init:
 37+  8689 DB AA                        in      a, (PPI_C)
 38+  868B E6 F0                        and     %11110000
 39+  868D 32 9E 86                     ld      (ppi_top), a
 40+  8690 C9                           ret
 41+  8691
 42+  8691              ; Read the eight keys of row A, into A.  A bit high means held.
 43+  8691              ; Corrupts: AF, C
 44+  8691              read_row:
 45+  8691 E6 0F                        and     %00001111
 46+  8693 4F                           ld      c, a
 47+  8694 3A 9E 86                     ld      a, (ppi_top)
 48+  8697 B1                           or      c
 49+  8698 D3 AA                        out     (PPI_C), a
 50+  869A DB A9                        in      a, (PPI_B)
 51+  869C 2F                           cpl                             ; now one means held
 52+  869D C9                           ret
 53+  869E
 54+  869E 00           ppi_top:        db      0
 55+  869F
 56+  869F              ; Look once at the whole keyboard.  The character comes back in A, and zero
 57+  869F              ; with the zero flag set when nothing useful is held.
 58+  869F              ;
 59+  869F              ; The shifts are passed over rather than reported, or holding one would look
 60+  869F              ; like nothing being typed at all; what they do is decided afterwards.
 61+  869F              ; Corrupts: BC, DE, HL
 62+  869F              scan_keyboard:
 63+  869F AF                           xor     a
 64+  86A0 32 E3 87                     ld      (key_found), a
 65+  86A3 21 82 87                     ld      hl, key_table
 66+  86A6 16 00                        ld      d, 0                    ; which row
 67+  86A8              .row:
 68+  86A8 D5                           push    de
 69+  86A9 7A                           ld      a, d
 70+  86AA CD 91 86                     call    read_row
 71+  86AD D1                           pop     de
 72+  86AE 1E 08                        ld      e, 8
 73+  86B0              .key:
 74+  86B0 1F                           rra
 75+  86B1 30 09                        jr      nc, .next_key
 76+  86B3 F5                           push    af
 77+  86B4 7E                           ld      a, (hl)
 78+  86B5 B7                           or      a
 79+  86B6 28 03                        jr      z, .a_shift             ; a shift on its own says nothing
 80+  86B8 32 E3 87                     ld      (key_found), a
 81+  86BB              .a_shift:
 82+  86BB F1                           pop     af
 83+  86BC              .next_key:
 84+  86BC 23                           inc     hl
 85+  86BD 1D                           dec     e
 86+  86BE 20 F0                        jr      nz, .key
 87+  86C0 14                           inc     d
 88+  86C1 7A                           ld      a, d
 89+  86C2 FE 0B                        cp      KEY_ROWS
 90+  86C4 20 E2                        jr      nz, .row
 91+  86C6 3A E3 87                     ld      a, (key_found)
 92+  86C9 B7                           or      a
 93+  86CA C8                           ret     z
 94+  86CB CD DC 86                     call    shift_held
 95+  86CE 3A E3 87                     ld      a, (key_found)
 96+  86D1 C8                           ret     z                       ; plain, as it is printed
 97+  86D2 CD E4 86                     call    to_shifted
 98+  86D5 B7                           or      a
 99+  86D6 C0                           ret     nz
100+  86D7 3A E3 87                     ld      a, (key_found)          ; shift says nothing about it
101+  86DA B7                           or      a
102+  86DB C9                           ret
103+  86DC
104+  86DC              ; Whether the shift is held; zero flag clear if it is.
105+  86DC              ; Corrupts: AF, C
106+  86DC              shift_held:
107+  86DC 3E 06                        ld      a, SHIFT_ROW
108+  86DE CD 91 86                     call    read_row
109+  86E1 E6 01                        and     SHIFT_BIT
110+  86E3 C9                           ret
111+  86E4
112+  86E4              ; What the key in A says with shift held, or nothing.
113+  86E4              ; Corrupts: AF, C, HL
114+  86E4              to_shifted:
115+  86E4 4F                           ld      c, a
116+  86E5 21 DA 87                     ld      hl, shifted_pairs
117+  86E8              .each:
118+  86E8 7E                           ld      a, (hl)
119+  86E9 B7                           or      a
120+  86EA 28 08                        jr      z, .none
121+  86EC B9                           cp      c
122+  86ED 23                           inc     hl
123+  86EE 7E                           ld      a, (hl)
124+  86EF 23                           inc     hl
125+  86F0 20 F6                        jr      nz, .each
126+  86F2 B7                           or      a
127+  86F3 C9                           ret
128+  86F4              .none:
129+  86F4 AF                           xor     a
130+  86F5 C9                           ret
131+  86F6
132+  86F6              ; Wait for a key and give it back in A, having waited for the last one to be
133+  86F6              ; let go first.
134+  86F6              ; Corrupts: everything
135+  86F6              read_key:
136+  86F6              .wait_release:
137+  86F6 CD 9F 86                     call    scan_keyboard
138+  86F9 B7                           or      a
139+  86FA 20 FA                        jr      nz, .wait_release
140+  86FC              .wait_press:
141+  86FC CD 9F 86                     call    scan_keyboard
142+  86FF B7                           or      a
143+  8700 28 FA                        jr      z, .wait_press
144+  8702 C9                           ret
145+  8703
146+  8703              ; Wait for a key, or for HL fiftieths of a second, whichever comes first.
147+  8703              ;
148+  8703              ; What is already held when the wait starts does not count, or the enter that
149+  8703              ; ended the order would end the wait as well.
150+  8703              ; Corrupts: everything
151+  8703              wait_or_key:
152+  8703 0E 00                        ld      c, 0                    ; nothing let go yet
153+  8705              .each_frame:
154+  8705 7C                           ld      a, h
155+  8706 B5                           or      l
156+  8707 C8                           ret     z                       ; the time went
157+  8708 2B                           dec     hl
158+  8709 E5                           push    hl
159+  870A 06 1C                        ld      b, LOOKS_A_FRAME
160+  870C              .look:
161+  870C C5                           push    bc
162+  870D CD 9F 86                     call    scan_keyboard
163+  8710 C1                           pop     bc
164+  8711 B7                           or      a
165+  8712 20 04                        jr      nz, .something
166+  8714 0E 01                        ld      c, 1                    ; the keyboard came clear
167+  8716 18 04                        jr      .keep_looking
168+  8718              .something:
169+  8718 79                           ld      a, c
170+  8719 B7                           or      a
171+  871A 20 05                        jr      nz, .a_key
172+  871C              .keep_looking:
173+  871C 10 EE                        djnz    .look
174+  871E E1                           pop     hl
175+  871F 18 E4                        jr      .each_frame
176+  8721              .a_key:
177+  8721 E1                           pop     hl
178+  8722 C9                           ret
179+  8723
180+  8723              ; Read a line into input_buffer, as this adventure's codes.  The length comes
181+  8723              ; back in BC.  What is typed is shown as it goes.
182+  8723              ; Corrupts: everything
183+  8723              read_line:
184+  8723 21 E7 87                     ld      hl, input_buffer
185+  8726 22 E4 87                     ld      (line_ptr), hl
186+  8729 AF                           xor     a
187+  872A 32 E6 87                     ld      (line_length), a
188+  872D              .next_key:
189+  872D CD F6 86                     call    read_key
190+  8730 FE 0D                        cp      KEY_ENTER
191+  8732 28 2C                        jr      z, .finished
192+  8734 FE 08                        cp      KEY_DELETE
193+  8736 28 12                        jr      z, .rub_out
194+  8738 FE 20                        cp      32
195+  873A 38 F1                        jr      c, .next_key            ; nothing else is worth having
196+  873C 47                           ld      b, a
197+  873D 3A E6 87                     ld      a, (line_length)
198+  8740 FE 40                        cp      INPUT_MAX
199+  8742 30 E9                        jr      nc, .next_key           ; the line is full
200+  8744 78                           ld      a, b
201+  8745 CD 6D 87                     call    store_key
202+  8748 18 E3                        jr      .next_key
203+  874A              .rub_out:
204+  874A 3A E6 87                     ld      a, (line_length)
205+  874D B7                           or      a
206+  874E 28 DD                        jr      z, .next_key
207+  8750 3D                           dec     a
208+  8751 32 E6 87                     ld      (line_length), a
209+  8754 2A E4 87                     ld      hl, (line_ptr)
210+  8757 2B                           dec     hl
211+  8758 22 E4 87                     ld      (line_ptr), hl
212+  875B CD 08 85                     call    backspace
213+  875E 18 CD                        jr      .next_key
214+  8760              .finished:
215+  8760 CD B3 84                     call    new_line
216+  8763 3A E6 87                     ld      a, (line_length)
217+  8766 4F                           ld      c, a
218+  8767 06 00                        ld      b, 0
219+  8769 21 E7 87                     ld      hl, input_buffer
220+  876C C9                           ret
221+  876D
222+  876D              ; Put the character in A into the line and show it.
223+  876D              ; Corrupts: everything
224+  876D              store_key:
225+  876D CD 31 81                     call    ascii_to_code
226+  8770 FE FF                        cp      NO_CHARACTER
227+  8772 C8                           ret     z                       ; not a character this one has
228+  8773 2A E4 87                     ld      hl, (line_ptr)
229+  8776 77                           ld      (hl), a
230+  8777 23                           inc     hl
231+  8778 22 E4 87                     ld      (line_ptr), hl
232+  877B 21 E6 87                     ld      hl, line_length
233+  877E 34                           inc     (hl)
234+  877F C3 C8 84                     jp      print_char
235+  8782
236+  8782              ; The eleven rows of eight, in the order the bits come out of each byte, as
237+  8782              ; they were measured key by key.  Letters come back in upper case because the
238+  8782              ; vocabulary is stored that way; a nought is a key with nothing to say here --
239+  8782              ; a shift, a cursor, a function key.
240+  8782              key_table:
241+  8782 30 31 32 33                  db      '0', '1', '2', '3', '4', '5', '6', '7'
241+  8786 34 35 36 37
242+  878A 38 39 2D 5E                  db      '8', '9', '-', '^', '\', '[', ']', ';'
242+  878E 5C 5B 5D 3B
243+  8792 27 60 2C 2E                  db      39, '`', ',', '.', '/', '_', 'A', 'B'
243+  8796 2F 5F 41 42
244+  879A 43 44 45 46                  db      'C', 'D', 'E', 'F', 'G', 'H', 'I', 'J'
244+  879E 47 48 49 4A
245+  87A2 4B 4C 4D 4E                  db      'K', 'L', 'M', 'N', 'O', 'P', 'Q', 'R'
245+  87A6 4F 50 51 52
246+  87AA 53 54 55 56                  db      'S', 'T', 'U', 'V', 'W', 'X', 'Y', 'Z'
246+  87AE 57 58 59 5A
247+  87B2 00 00 00 00                  db      0, 0, 0, 0, 0, 0, 0, 0          ; shift, control, the rest
247+  87B6 00 00 00 00
248+  87BA 00 00 00 00                  db      0, 0, 0, 0, 0, KEY_DELETE, 0, KEY_ENTER
248+  87BE 00 08 00 0D
249+  87C2 20 00 00 00                  db      ' ', 0, 0, 0, 0, 0, 0, 0
249+  87C6 00 00 00 00
250+  87CA 00 00 00 00                  db      0, 0, 0, 0, 0, 0, 0, 0          ; the number pad
250+  87CE 00 00 00 00
251+  87D2 00 00 00 00                  db      0, 0, 0, 0, 0, 0, 0, 0
251+  87D6 00 00 00 00
252+  87DA
253+  87DA              ; What a key says with shift held, as far as an adventure ever needs: the
254+  87DA              ; marks that part one order from the next and have no key of their own.
255+  87DA 31 21        shifted_pairs:  db      '1', '!'
256+  87DC 2F 3F                        db      '/', '?'
257+  87DE 3B 3A                        db      ';', ':'
258+  87E0 32 22                        db      '2', '"'
259+  87E2 00                           db      0
260+  87E3
261+  87E3 00           key_found:      db      0
262+  87E4 00 00        line_ptr:       dw      0
263+  87E6 00           line_length:    db      0
264+  87E7 00 00 00...  input_buffer:   ds      INPUT_MAX
265+  8827
# file closed: keyboard.asm
106   8827
107   8827              last_code:
108   8827                              ASSERT  last_code < SHADOW
109   8827
110   8827              db_source:
111   8827                              INCBIN  "text.rgac"
112   D6D4              db_length       equ     $ - db_source
113   D6D4              last:
114   D6D4
115   D6D4                              SAVEBIN "keys.bin", start, last - start
116   D6D4
# file closed: test_keyboard.asm
